2026-01-27T04:29:57.079Z - info: Website generation started at 12:29:32 pm
2026-01-27T04:30:01.010Z - info: Building assets...
2026-01-27T04:30:05.681Z - info: Assets built
2026-01-27T04:30:05.684Z - info: Generating pages...
2026-01-27T04:30:33.225Z - debug:  
2026-01-27T04:30:33.231Z - debug:  
2026-01-27T04:30:33.231Z - debug:  
2026-01-27T04:30:33.625Z - debug:  
2026-01-27T04:30:38.488Z - debug:  
2026-01-27T04:30:38.488Z - debug:  
2026-01-27T04:30:38.489Z - debug:  
2026-01-27T04:30:38.489Z - debug:  
2026-01-27T04:30:38.489Z - debug:  
2026-01-27T04:30:38.489Z - debug:  
2026-01-27T04:30:38.490Z - debug:  
2026-01-27T04:30:38.490Z - debug:  
2026-01-27T04:30:38.490Z - debug:  
2026-01-27T04:30:38.490Z - debug:  
2026-01-27T04:30:46.734Z - debug:  
2026-01-27T04:30:46.735Z - debug:  
2026-01-27T04:30:46.735Z - debug:  
2026-01-27T04:30:46.735Z - debug:  
2026-01-27T04:30:46.931Z - debug:  
2026-01-27T04:30:46.993Z - debug:  
2026-01-27T04:30:47.811Z - debug:  
2026-01-27T04:31:40.000Z - debug:  
2026-01-27T04:31:43.002Z - debug:  
2026-01-27T04:34:32.921Z - debug:  
2026-01-27T04:34:32.940Z - debug:  
2026-01-27T04:34:52.773Z - debug:  
2026-01-27T04:35:27.882Z - debug:  
2026-01-27T04:35:27.928Z - debug:  
2026-01-27T04:35:49.604Z - info: Pages built
2026-01-27T04:35:54.142Z - info: Site data built
2026-01-27T04:35:54.143Z - info: Website generation complete! Total build time: 381.644s
2026-01-27T04:35:54.144Z - info: Build success!
2026-01-27T04:41:04.592Z - info: The website has been deployed at: https://nus-cs2113-ay2526-s2.github.io/website
