2026-02-08T13:55:24.625Z - info: Website generation started at 9:54:58 pm
2026-02-08T13:55:28.653Z - info: Building assets...
2026-02-08T13:55:32.708Z - info: Assets built
2026-02-08T13:55:32.709Z - info: Generating pages...
2026-02-08T13:56:02.636Z - debug:  
2026-02-08T13:56:02.637Z - debug:  
2026-02-08T13:56:03.650Z - debug:  
2026-02-08T13:56:03.650Z - debug:  
2026-02-08T13:56:09.152Z - debug:  
2026-02-08T13:56:09.153Z - debug:  
2026-02-08T13:56:09.153Z - debug:  
2026-02-08T13:56:09.153Z - debug:  
2026-02-08T13:56:09.153Z - debug:  
2026-02-08T13:56:09.153Z - debug:  
2026-02-08T13:56:09.153Z - debug:  
2026-02-08T13:56:09.153Z - debug:  
2026-02-08T13:56:09.154Z - debug:  
2026-02-08T13:56:09.154Z - debug:  
2026-02-08T13:56:17.669Z - debug:  
2026-02-08T13:56:17.670Z - debug:  
2026-02-08T13:56:17.670Z - debug:  
2026-02-08T13:56:17.707Z - debug:  
2026-02-08T13:56:17.753Z - debug:  
2026-02-08T13:56:17.833Z - debug:  
2026-02-08T13:56:18.733Z - debug:  
2026-02-08T13:57:05.142Z - debug:  
2026-02-08T13:57:10.724Z - debug:  
2026-02-08T13:59:56.867Z - debug:  
2026-02-08T13:59:56.869Z - debug:  
2026-02-08T14:00:21.620Z - debug:  
2026-02-08T14:00:51.054Z - debug:  
2026-02-08T14:00:51.104Z - debug:  
2026-02-08T14:01:12.474Z - info: Pages built
2026-02-08T14:01:15.214Z - info: Site data built
2026-02-08T14:01:15.215Z - info: Website generation complete! Total build time: 376.282s
2026-02-08T14:01:15.216Z - info: Build success!
2026-02-08T14:05:19.927Z - info: The website has been deployed at: https://nus-cs2113-ay2526-s2.github.io/website
