2026-02-18T07:18:04.038Z - info: Website generation started at 3:17:35 pm
2026-02-18T07:18:08.569Z - info: Building assets...
2026-02-18T07:18:12.885Z - info: Assets built
2026-02-18T07:18:12.885Z - info: Generating pages...
2026-02-18T07:18:38.554Z - debug:  
2026-02-18T07:18:38.557Z - debug:  
2026-02-18T07:18:38.558Z - debug:  
2026-02-18T07:18:38.561Z - debug:  
2026-02-18T07:18:38.561Z - debug:  
2026-02-18T07:18:38.561Z - debug:  
2026-02-18T07:18:38.561Z - debug:  
2026-02-18T07:18:38.561Z - debug:  
2026-02-18T07:18:38.562Z - debug:  
2026-02-18T07:18:38.565Z - debug:  
2026-02-18T07:18:38.566Z - debug:  
2026-02-18T07:18:38.566Z - debug:  
2026-02-18T07:18:38.566Z - debug:  
2026-02-18T07:18:40.958Z - debug:  
2026-02-18T07:18:49.467Z - debug:  
2026-02-18T07:18:49.467Z - debug:  
2026-02-18T07:18:49.468Z - debug:  
2026-02-18T07:18:49.468Z - debug:  
2026-02-18T07:18:49.475Z - debug:  
2026-02-18T07:18:49.476Z - debug:  
2026-02-18T07:18:49.481Z - debug:  
2026-02-18T07:19:38.354Z - debug:  
2026-02-18T07:19:41.649Z - debug:  
2026-02-18T07:22:36.222Z - debug:  
2026-02-18T07:22:36.223Z - debug:  
2026-02-18T07:23:12.914Z - debug:  
2026-02-18T07:23:45.118Z - debug:  
2026-02-18T07:23:45.123Z - debug:  
2026-02-18T07:24:14.724Z - info: Pages built
2026-02-18T07:24:18.033Z - info: Site data built
2026-02-18T07:24:18.044Z - info: Website generation complete! Total build time: 402.305s
2026-02-18T07:24:18.055Z - info: Build success!
2026-02-18T07:29:02.956Z - info: The website has been deployed at: https://nus-cs2113-ay2526-s2.github.io/website
