2026-02-02T17:09:36.138Z - info: Website generation started at 1:09:00 am
2026-02-02T17:09:44.672Z - info: Building assets...
2026-02-02T17:09:52.451Z - info: Assets built
2026-02-02T17:09:52.453Z - info: Generating pages...
2026-02-02T17:10:32.850Z - debug:  
2026-02-02T17:10:32.878Z - debug:  
2026-02-02T17:10:32.884Z - debug:  
2026-02-02T17:10:33.781Z - debug:  
2026-02-02T17:10:33.783Z - debug:  
2026-02-02T17:10:33.784Z - debug:  
2026-02-02T17:10:33.895Z - debug:  
2026-02-02T17:10:33.895Z - debug:  
2026-02-02T17:10:40.194Z - debug:  
2026-02-02T17:10:40.210Z - debug:  
2026-02-02T17:10:40.211Z - debug:  
2026-02-02T17:10:40.211Z - debug:  
2026-02-02T17:10:40.212Z - debug:  
2026-02-02T17:10:40.212Z - debug:  
2026-02-02T17:10:54.546Z - debug:  
2026-02-02T17:10:54.557Z - debug:  
2026-02-02T17:10:54.592Z - debug:  
2026-02-02T17:10:54.610Z - debug:  
2026-02-02T17:10:54.798Z - debug:  
2026-02-02T17:10:54.897Z - debug:  
2026-02-02T17:10:57.967Z - debug:  
2026-02-02T17:12:33.026Z - debug:  
2026-02-02T17:12:40.979Z - debug:  
2026-02-02T17:17:29.162Z - debug:  
2026-02-02T17:17:29.167Z - debug:  
2026-02-02T17:18:01.762Z - debug:  
2026-02-02T17:19:01.289Z - debug:  
2026-02-02T17:19:01.438Z - debug:  
2026-02-02T17:19:37.264Z - info: Pages built
2026-02-02T17:19:39.647Z - info: Site data built
2026-02-02T17:19:39.648Z - info: Website generation complete! Total build time: 638.8s
2026-02-02T17:19:39.649Z - info: Build success!
2026-02-02T17:25:33.581Z - info: The website has been deployed at: https://nus-cs2113-ay2526-s2.github.io/website
