2026-03-08T08:52:49.659Z - info: Website generation started at 4:52:20 pm
2026-03-08T08:52:57.526Z - info: Building assets...
2026-03-08T08:53:02.264Z - info: Assets built
2026-03-08T08:53:02.265Z - info: Generating pages...
2026-03-08T08:53:30.464Z - debug:  
2026-03-08T08:53:30.566Z - debug:  
2026-03-08T08:53:32.870Z - debug:  
2026-03-08T08:53:32.870Z - debug:  
2026-03-08T08:53:32.870Z - debug:  
2026-03-08T08:53:32.870Z - debug:  
2026-03-08T08:53:32.871Z - debug:  
2026-03-08T08:53:32.871Z - debug:  
2026-03-08T08:53:32.871Z - debug:  
2026-03-08T08:53:32.871Z - debug:  
2026-03-08T08:53:32.871Z - debug:  
2026-03-08T08:53:32.871Z - debug:  
2026-03-08T08:53:32.871Z - debug:  
2026-03-08T08:53:32.872Z - debug:  
2026-03-08T08:53:42.583Z - debug:  
2026-03-08T08:53:42.585Z - debug:  
2026-03-08T08:53:42.588Z - debug:  
2026-03-08T08:53:42.589Z - debug:  
2026-03-08T08:53:42.590Z - debug:  
2026-03-08T08:53:42.592Z - debug:  
2026-03-08T08:53:42.968Z - debug:  
2026-03-08T08:54:16.637Z - debug:  
2026-03-08T08:54:21.053Z - debug:  
2026-03-08T08:55:39.353Z - debug:  
2026-03-08T08:55:39.356Z - debug:  
2026-03-08T08:55:47.630Z - debug:  
2026-03-08T08:56:04.095Z - debug:  
2026-03-08T08:56:04.099Z - debug:  
2026-03-08T08:56:13.487Z - info: Pages built
2026-03-08T08:56:15.480Z - info: Site data built
2026-03-08T08:56:15.481Z - info: Website generation complete! Total build time: 235.051s
2026-03-08T08:56:15.481Z - info: Build success!
2026-03-08T08:56:24.214Z - error: uncaughtException: error: Your local changes to the following files would be overwritten by checkout:
	_markbind/variables.md
	admin/ip-tasks-fragment.md
Please commit your changes or stash them before you switch branches.
error: The following untracked working tree files would be overwritten by checkout:
	book/about/images/chromeSaveAsPdf.png
	book/architecture/architecturalStyles/clientServer/what/images/clientServer.png
	book/architecture/architecturalStyles/clientServer/what/images/clientServerExamples.png
	book/architecture/architecturalStyles/eventDriven/what/images/eventDriven.png
	book/architecture/architecturalStyles/eventDriven/what/images/eventDrivenExamples.png
	book/architecture/architecturalStyles/more/usingStyles/images/minesweeperExample.png
	book/architecture/architecturalStyles/nTier/what/images/nTier.png
	book/architecture/architecturalStyles/nTier/what/images/nTierExamples.png
	book/architecture/architecturalStyles/serviceOriented/what/images/amazonWebServices.png
	book/architecture/architecturalStyles/transactionProcessing/what/images/transactionProcessing.png
	book/architecture/architecturalStyles/transactionProcessing/what/images/transactionProcessingExamples.png
	book/architecture/architectureDiagrams/drawing/images/tip.png
	book/architecture/introduction/what/images/minesweeper.png
	book/architecture/introduction/what/images/minesweeperArchitecture.png
	book/codeQuality/maximizeReadability/basic/avoidDeepNesting/images/arrowheadStyle.png
	book/combined/images/classDiagramsAllNotations.png
	book/combined/images/objectDiagramsAllNotations.png
	book/commit.sh
	book/common/macros.njk
	book/cppToJava/misc/javaFX/part01/images/address-app-final-screenshot.png
	book/cppToJava/misc/javaFX/part01/images/config-jdk-project-structure.png
	book/cppToJava/misc/javaFX/part01/images/config-jdk-welcome-screen.png
	book/cppToJava/misc/javaFX/part01/images/config-scene-builder-settings.png
	book/cppToJava/misc/javaFX/part01/images/create-main-app-add-border-pane.png
	book/cppToJava/misc/javaFX/part01/images/create-main-app-delete-anchor-pane.png
	book/cppToJava/misc/javaFX/part01/images/create-main-app-menu-bar.png
	book/cppToJava/misc/javaFX/part01/images/create-main-app-resize.png
	book/cppToJava/misc/javaFX/part01/images/design-scene-builder-button-bar.png
	book/cppToJava/misc/javaFX/part01/images/design-scene-builder-final.png
	book/cppToJava/misc/javaFX/part01/images/design-scene-builder-fit-to-parent.png
	book/cppToJava/misc/javaFX/part01/images/design-scene-builder-grid-pane-1.png
	book/cppToJava/misc/javaFX/part01/images/design-scene-builder-grid-pane-2.png
	book/cppToJava/misc/javaFX/part01/images/design-scene-builder-grid-pane-3.png
	book/cppToJava/misc/javaFX/part01/images/design-scene-builder-main-anchor.png
	book/cppToJava/misc/javaFX/part01/images/design-scene-builder-table-anchors.png
	book/cppToJava/misc/javaFX/part01/images/design-scene-builder-table-columns-resize.png
	book/cppToJava/misc/javaFX/part01/images/design-scene-builder-table-columns.png
	book/cppToJava/misc/javaFX/part01/images/design-scene-builder-title-label.png
	book/cppToJava/misc/javaFX/part01/images/javafx-hierarchy.png
	book/cppToJava/misc/javaFX/part01/images/javafx-import-error.png
	book/cppToJava/misc/javaFX/part01/images/new-packages.png
	book/cppToJava/misc/javaFX/part01/images/new-project.png
	book/cppToJava/misc/javaFX/part02/images/address-app-final-screenshot.png
	book/cppToJava/misc/javaFX/part02/images/hook-view-controller.png
	book/cppToJava/misc/javaFX/part02/images/hook-view-labels.png
	book/cppToJava/misc/javaFX/part02/images/hook-view-person-table.png
	book/css/common.css
	book/css/print.css
	book/css/textbook.css
	book/deploy.sh
	book/designFundamentals/coupling/what/images/alternativeDesigns.png
	book/designFundamentals/coupling/what/images/playerPuzzleManager.png
	book/designPatterns/abstractionOccurrence/what/images/abstractionOccurrence.png
	book/designPatterns/abstractionOccurrence/what/images/beforeAfter.png
	book/designPatterns/abstractionOccurrence/what/images/book.png
	book/designPatterns/abstractionOccurrence/what/images/bookFriends.png
	book/designPatterns/abstractionOccurrence/what/images/bookTitleBookCopy.png
	book/designPatterns/command/what/images/clientInvoker.png
	book/designPatterns/command/what/images/commandCr
Aborting
 date=Sun Mar 08 2026 16:56:24 GMT+0800 (Singapore Standard Time), pid=44696, uid=null, gid=null, cwd=D:\AkshayNarayan\Teaching\CS2113\_AY2526Sem2\ay2526s2-website, execPath=C:\Program Files\nodejs\node.exe, version=v24.13.0, argv=[C:\Program Files\nodejs\node.exe, C:\Users\dcsaksh\AppData\Roaming\npm\node_modules\markbind-cli\index.js, deploy], rss=1554051072, heapTotal=1341292544, heapUsed=470701504, external=2571366, arrayBuffers=52163, loadavg=[0, 0, 0], uptime=154213.781
ProcessError: error: Your local changes to the following files would be overwritten by checkout:
	_markbind/variables.md
	admin/ip-tasks-fragment.md
Please commit your changes or stash them before you switch branches.
error: The following untracked working tree files would be overwritten by checkout:
	book/about/images/chromeSaveAsPdf.png
	book/architecture/architecturalStyles/clientServer/what/images/clientServer.png
	book/architecture/architecturalStyles/clientServer/what/images/clientServerExamples.png
	book/architecture/architecturalStyles/eventDriven/what/images/eventDriven.png
	book/architecture/architecturalStyles/eventDriven/what/images/eventDrivenExamples.png
	book/architecture/architecturalStyles/more/usingStyles/images/minesweeperExample.png
	book/architecture/architecturalStyles/nTier/what/images/nTier.png
	book/architecture/architecturalStyles/nTier/what/images/nTierExamples.png
	book/architecture/architecturalStyles/serviceOriented/what/images/amazonWebServices.png
	book/architecture/architecturalStyles/transactionProcessing/what/images/transactionProcessing.png
	book/architecture/architecturalStyles/transactionProcessing/what/images/transactionProcessingExamples.png
	book/architecture/architectureDiagrams/drawing/images/tip.png
	book/architecture/introduction/what/images/minesweeper.png
	book/architecture/introduction/what/images/minesweeperArchitecture.png
	book/codeQuality/maximizeReadability/basic/avoidDeepNesting/images/arrowheadStyle.png
	book/combined/images/classDiagramsAllNotations.png
	book/combined/images/objectDiagramsAllNotations.png
	book/commit.sh
	book/common/macros.njk
	book/cppToJava/misc/javaFX/part01/images/address-app-final-screenshot.png
	book/cppToJava/misc/javaFX/part01/images/config-jdk-project-structure.png
	book/cppToJava/misc/javaFX/part01/images/config-jdk-welcome-screen.png
	book/cppToJava/misc/javaFX/part01/images/config-scene-builder-settings.png
	book/cppToJava/misc/javaFX/part01/images/create-main-app-add-border-pane.png
	book/cppToJava/misc/javaFX/part01/images/create-main-app-delete-anchor-pane.png
	book/cppToJava/misc/javaFX/part01/images/create-main-app-menu-bar.png
	book/cppToJava/misc/javaFX/part01/images/create-main-app-resize.png
	book/cppToJava/misc/javaFX/part01/images/design-scene-builder-button-bar.png
	book/cppToJava/misc/javaFX/part01/images/design-scene-builder-final.png
	book/cppToJava/misc/javaFX/part01/images/design-scene-builder-fit-to-parent.png
	book/cppToJava/misc/javaFX/part01/images/design-scene-builder-grid-pane-1.png
	book/cppToJava/misc/javaFX/part01/images/design-scene-builder-grid-pane-2.png
	book/cppToJava/misc/javaFX/part01/images/design-scene-builder-grid-pane-3.png
	book/cppToJava/misc/javaFX/part01/images/design-scene-builder-main-anchor.png
	book/cppToJava/misc/javaFX/part01/images/design-scene-builder-table-anchors.png
	book/cppToJava/misc/javaFX/part01/images/design-scene-builder-table-columns-resize.png
	book/cppToJava/misc/javaFX/part01/images/design-scene-builder-table-columns.png
	book/cppToJava/misc/javaFX/part01/images/design-scene-builder-title-label.png
	book/cppToJava/misc/javaFX/part01/images/javafx-hierarchy.png
	book/cppToJava/misc/javaFX/part01/images/javafx-import-error.png
	book/cppToJava/misc/javaFX/part01/images/new-packages.png
	book/cppToJava/misc/javaFX/part01/images/new-project.png
	book/cppToJava/misc/javaFX/part02/images/address-app-final-screenshot.png
	book/cppToJava/misc/javaFX/part02/images/hook-view-controller.png
	book/cppToJava/misc/javaFX/part02/images/hook-view-labels.png
	book/cppToJava/misc/javaFX/part02/images/hook-view-person-table.png
	book/css/common.css
	book/css/print.css
	book/css/textbook.css
	book/deploy.sh
	book/designFundamentals/coupling/what/images/alternativeDesigns.png
	book/designFundamentals/coupling/what/images/playerPuzzleManager.png
	book/designPatterns/abstractionOccurrence/what/images/abstractionOccurrence.png
	book/designPatterns/abstractionOccurrence/what/images/beforeAfter.png
	book/designPatterns/abstractionOccurrence/what/images/book.png
	book/designPatterns/abstractionOccurrence/what/images/bookFriends.png
	book/designPatterns/abstractionOccurrence/what/images/bookTitleBookCopy.png
	book/designPatterns/command/what/images/clientInvoker.png
	book/designPatterns/command/what/images/commandCr
Aborting

    at ChildProcess.<anonymous> (C:\Users\dcsaksh\AppData\Roaming\npm\node_modules\markbind-cli\node_modules\gh-pages\lib\git.js:42:16)
    at ChildProcess.emit (node:events:508:28)
    at maybeClose (node:internal/child_process:1101:16)
    at ChildProcess._handle.onexit (node:internal/child_process:305:5)
2026-03-08T08:56:55.302Z - info: Website generation started at 4:56:33 pm
2026-03-08T08:56:56.340Z - info: Building assets...
2026-03-08T08:56:59.662Z - info: Assets built
2026-03-08T08:56:59.662Z - info: Generating pages...
2026-03-08T08:57:12.352Z - debug:  
2026-03-08T08:57:12.698Z - debug:  
2026-03-08T08:57:12.708Z - debug:  
2026-03-08T08:57:12.719Z - debug:  
2026-03-08T08:57:15.560Z - debug:  
2026-03-08T08:57:15.561Z - debug:  
2026-03-08T08:57:15.647Z - debug:  
2026-03-08T08:57:15.662Z - debug:  
2026-03-08T08:57:15.675Z - debug:  
2026-03-08T08:57:15.693Z - debug:  
2026-03-08T08:57:15.819Z - debug:  
2026-03-08T08:57:15.830Z - debug:  
2026-03-08T08:57:15.844Z - debug:  
2026-03-08T08:57:16.219Z - debug:  
2026-03-08T08:57:24.009Z - debug:  
2026-03-08T08:57:24.074Z - debug:  
2026-03-08T08:57:24.692Z - debug:  
2026-03-08T08:57:24.745Z - debug:  
2026-03-08T08:57:25.316Z - debug:  
2026-03-08T08:57:25.357Z - debug:  
2026-03-08T08:57:25.676Z - debug:  
2026-03-08T08:57:53.407Z - debug:  
2026-03-08T08:57:56.717Z - debug:  
2026-03-08T08:59:29.625Z - debug:  
2026-03-08T08:59:29.625Z - debug:  
2026-03-08T08:59:42.372Z - debug:  
2026-03-08T08:59:56.744Z - debug:  
2026-03-08T08:59:56.794Z - debug:  
2026-03-08T09:00:07.063Z - info: Pages built
2026-03-08T09:00:08.660Z - info: Site data built
2026-03-08T09:00:08.660Z - info: Website generation complete! Total build time: 214.913s
2026-03-08T09:00:08.660Z - info: Build success!
2026-03-08T09:04:21.648Z - info: The website has been deployed at: https://nus-cs2113-ay2526-s2.github.io/website
