2026-03-27T15:42:15.928Z - info: Website generation started at 11:41:47 pm
2026-03-27T15:42:21.193Z - info: Building assets...
2026-03-27T15:42:26.037Z - info: Assets built
2026-03-27T15:42:26.039Z - info: Generating pages...
2026-03-27T15:42:59.692Z - debug:  
2026-03-27T15:42:59.693Z - debug:  
2026-03-27T15:42:59.876Z - debug:  
2026-03-27T15:43:00.013Z - debug:  
2026-03-27T15:43:00.014Z - debug:  
2026-03-27T15:43:00.014Z - debug:  
2026-03-27T15:43:00.020Z - debug:  
2026-03-27T15:43:00.021Z - debug:  
2026-03-27T15:43:00.021Z - debug:  
2026-03-27T15:43:00.021Z - debug:  
2026-03-27T15:43:00.023Z - debug:  
2026-03-27T15:43:00.023Z - debug:  
2026-03-27T15:43:00.025Z - debug:  
2026-03-27T15:43:02.385Z - debug:  
2026-03-27T15:43:11.694Z - debug:  
2026-03-27T15:43:11.698Z - debug:  
2026-03-27T15:43:11.699Z - debug:  
2026-03-27T15:43:11.699Z - debug:  
2026-03-27T15:43:11.925Z - debug:  
2026-03-27T15:43:11.927Z - debug:  
2026-03-27T15:43:12.021Z - debug:  
2026-03-27T15:44:11.234Z - debug:  
2026-03-27T15:44:15.170Z - debug:  
2026-03-27T15:47:44.976Z - debug:  
2026-03-27T15:47:44.976Z - debug:  
2026-03-27T15:48:08.100Z - debug:  
2026-03-27T15:48:50.387Z - debug:  
2026-03-27T15:48:50.485Z - debug:  
2026-03-27T15:49:17.518Z - info: Pages built
2026-03-27T15:49:20.623Z - info: Site data built
2026-03-27T15:49:20.624Z - info: Website generation complete! Total build time: 452.995s
2026-03-27T15:49:20.625Z - info: Build success!
2026-03-27T15:54:08.456Z - info: The website has been deployed at: https://nus-cs2113-ay2526-s2.github.io/website
