2026-02-07T11:08:22.388Z - info: Website generation started at 7:07:54 pm
2026-02-07T11:08:26.873Z - info: Building assets...
2026-02-07T11:08:30.948Z - info: Assets built
2026-02-07T11:08:30.949Z - info: Generating pages...
2026-02-07T11:08:57.124Z - debug:  
2026-02-07T11:08:57.124Z - debug:  
2026-02-07T11:08:57.125Z - debug:  
2026-02-07T11:08:57.368Z - debug:  
2026-02-07T11:09:01.937Z - debug:  
2026-02-07T11:09:01.943Z - debug:  
2026-02-07T11:09:01.944Z - debug:  
2026-02-07T11:09:01.944Z - debug:  
2026-02-07T11:09:01.944Z - debug:  
2026-02-07T11:09:01.945Z - debug:  
2026-02-07T11:09:01.948Z - debug:  
2026-02-07T11:09:01.949Z - debug:  
2026-02-07T11:09:01.949Z - debug:  
2026-02-07T11:09:02.078Z - debug:  
2026-02-07T11:09:11.394Z - debug:  
2026-02-07T11:09:11.394Z - debug:  
2026-02-07T11:09:11.394Z - debug:  
2026-02-07T11:09:11.395Z - debug:  
2026-02-07T11:09:11.396Z - debug:  
2026-02-07T11:09:11.502Z - debug:  
2026-02-07T11:09:13.064Z - debug:  
2026-02-07T11:10:01.199Z - debug:  
2026-02-07T11:10:05.719Z - debug:  
2026-02-07T11:13:24.472Z - debug:  
2026-02-07T11:13:24.475Z - debug:  
2026-02-07T11:13:45.244Z - debug:  
2026-02-07T11:14:19.379Z - debug:  
2026-02-07T11:14:19.423Z - debug:  
2026-02-07T11:14:40.701Z - info: Pages built
2026-02-07T11:14:42.753Z - info: Site data built
2026-02-07T11:14:42.753Z - info: Website generation complete! Total build time: 407.996s
2026-02-07T11:14:42.753Z - info: Build success!
2026-02-07T11:19:37.079Z - info: The website has been deployed at: https://nus-cs2113-ay2526-s2.github.io/website
