2026-01-15T16:31:53.385Z - info: Website generation started at 12:31:21 am
2026-01-15T16:32:03.187Z - info: Building assets...
2026-01-15T16:32:13.313Z - info: Assets built
2026-01-15T16:32:13.322Z - info: Generating pages...
2026-01-15T16:32:44.006Z - debug:  
2026-01-15T16:32:51.732Z - debug:  
2026-01-15T16:32:51.734Z - debug:  
2026-01-15T16:32:51.735Z - debug:  
2026-01-15T16:32:51.735Z - debug:  
2026-01-15T16:32:51.736Z - debug:  
2026-01-15T16:32:51.736Z - debug:  
2026-01-15T16:32:51.736Z - debug:  
2026-01-15T16:32:51.736Z - debug:  
2026-01-15T16:32:51.737Z - debug:  
2026-01-15T16:32:51.737Z - debug:  
2026-01-15T16:32:51.737Z - debug:  
2026-01-15T16:32:51.737Z - debug:  
2026-01-15T16:32:51.737Z - debug:  
2026-01-15T16:33:04.585Z - debug:  
2026-01-15T16:33:04.586Z - debug:  
2026-01-15T16:33:04.586Z - debug:  
2026-01-15T16:33:04.587Z - debug:  
2026-01-15T16:33:04.600Z - debug:  
2026-01-15T16:33:04.718Z - debug:  
2026-01-15T16:33:06.519Z - debug:  
2026-01-15T16:34:01.525Z - debug:  
2026-01-15T16:34:06.515Z - debug:  
2026-01-15T16:37:02.714Z - debug:  
2026-01-15T16:37:02.717Z - debug:  
2026-01-15T16:37:32.706Z - debug:  
2026-01-15T16:38:00.592Z - debug:  
2026-01-15T16:38:00.675Z - debug:  
2026-01-15T16:38:19.554Z - info: Pages built
2026-01-15T16:38:21.717Z - info: Site data built
2026-01-15T16:38:21.718Z - info: Website generation complete! Total build time: 419.88s
2026-01-15T16:38:21.718Z - info: Build success!
2026-01-15T16:43:24.220Z - info: The website has been deployed at: https://nus-cs2113-ay2526-s2.github.io/website
