2026-03-16T17:32:19.801Z - info: Website generation started at 1:31:52 am
2026-03-16T17:32:24.724Z - info: Building assets...
2026-03-16T17:32:29.379Z - info: Assets built
2026-03-16T17:32:29.381Z - info: Generating pages...
2026-03-16T17:32:49.049Z - debug:  
2026-03-16T17:32:49.053Z - debug:  
2026-03-16T17:32:51.030Z - debug:  
2026-03-16T17:32:51.030Z - debug:  
2026-03-16T17:32:51.030Z - debug:  
2026-03-16T17:32:51.031Z - debug:  
2026-03-16T17:32:51.031Z - debug:  
2026-03-16T17:32:51.031Z - debug:  
2026-03-16T17:32:51.031Z - debug:  
2026-03-16T17:32:51.031Z - debug:  
2026-03-16T17:32:51.031Z - debug:  
2026-03-16T17:32:51.031Z - debug:  
2026-03-16T17:32:51.032Z - debug:  
2026-03-16T17:32:51.032Z - debug:  
2026-03-16T17:32:59.106Z - debug:  
2026-03-16T17:32:59.106Z - debug:  
2026-03-16T17:32:59.106Z - debug:  
2026-03-16T17:32:59.106Z - debug:  
2026-03-16T17:32:59.109Z - debug:  
2026-03-16T17:32:59.111Z - debug:  
2026-03-16T17:32:59.578Z - debug:  
2026-03-16T17:33:47.707Z - debug:  
2026-03-16T17:33:51.122Z - debug:  
2026-03-16T17:36:39.286Z - debug:  
2026-03-16T17:36:39.291Z - debug:  
2026-03-16T17:37:09.797Z - debug:  
2026-03-16T17:37:38.271Z - debug:  
2026-03-16T17:37:38.274Z - debug:  
2026-03-16T17:37:56.321Z - info: Pages built
2026-03-16T17:37:59.065Z - info: Site data built
2026-03-16T17:37:59.066Z - info: Website generation complete! Total build time: 366.09s
2026-03-16T17:37:59.067Z - info: Build success!
2026-03-16T17:42:02.304Z - info: The website has been deployed at: https://nus-cs2113-ay2526-s2.github.io/website
