2026-01-15T15:22:24.306Z - info: Website generation started at 11:22:24 pm
2026-01-15T15:22:32.425Z - info: Building assets...
2026-01-15T15:22:37.458Z - info: Assets built
2026-01-15T15:22:37.460Z - info: Generating pages...
2026-01-15T15:23:06.378Z - debug:  
2026-01-15T15:23:06.386Z - debug:  
2026-01-15T15:23:06.393Z - debug:  
2026-01-15T15:23:06.855Z - debug:  
2026-01-15T15:23:13.927Z - debug:  
2026-01-15T15:23:13.928Z - debug:  
2026-01-15T15:23:13.928Z - debug:  
2026-01-15T15:23:13.929Z - debug:  
2026-01-15T15:23:13.929Z - debug:  
2026-01-15T15:23:13.930Z - debug:  
2026-01-15T15:23:13.931Z - debug:  
2026-01-15T15:23:13.931Z - debug:  
2026-01-15T15:23:13.931Z - debug:  
2026-01-15T15:23:13.931Z - debug:  
2026-01-15T15:23:26.326Z - debug:  
2026-01-15T15:23:26.327Z - debug:  
2026-01-15T15:23:26.631Z - debug:  
2026-01-15T15:23:26.930Z - debug:  
2026-01-15T15:23:26.944Z - debug:  
2026-01-15T15:23:27.054Z - debug:  
2026-01-15T15:23:28.916Z - debug:  
2026-01-15T15:24:35.941Z - debug:  
2026-01-15T15:24:41.761Z - debug:  
2026-01-15T15:27:54.905Z - debug:  
2026-01-15T15:27:54.908Z - debug:  
2026-01-15T15:28:25.471Z - debug:  
2026-01-15T15:29:05.053Z - debug:  
2026-01-15T15:29:05.054Z - debug:  
2026-01-15T15:29:23.949Z - info: Pages built
2026-01-15T15:29:25.985Z - info: Site data built
2026-01-15T15:29:25.987Z - info: Website generation complete! Total build time: 421.716s
2026-01-15T15:29:25.988Z - info: Build success!
2026-01-15T15:34:43.026Z - info: The website has been deployed at: https://nus-cs2113-ay2526-s2.github.io/website
